// Jest Snapshot v1, https://goo.gl/fbAQLP

exports[`<App /> should match the snapshot 1`] = `"<div class=\\"container\\"><div class=\\"display-end\\"><button class=\\"btn primary-button\\" type=\\"button\\">Edit Contact</button></div><table class=\\"table mt-5\\"><tbody><tr><td>Full Name</td><td><strong>test test</strong></td></tr><tr><td>Phone Number</td><td><strong>test</strong></td></tr><tr><td>Country Code</td><td><strong>+test</strong></td></tr></tbody></table></div>"`;
